node.exe : FAIL __tests
__/about.test.tsx
At line:1 char:1
+ & "C:\Program 
Files\nodejs/node.exe" 
"C:\Program 
Files\nodejs/node_mo 
...
+ ~~~~~~~~~~~~~~~~~~~~~
~~~~~~~~~~~~~~~~~~~~~~~
~~~~~~~~~~~~~~~~~~~~~~~
~~
    + CategoryInfo     
         : NotSpecifi  
  ed: (FAIL __tests_   
 _/about.test.tsx:S    
tring) [], RemoteE    
xception
    + FullyQualifiedEr 
   rorId : NativeComm  
  andError
 
  ΓùÅ Test suite 
failed to run

    Cannot find module 
'@testing-library/jest-
dom' from '__tests__/ab
out.test.tsx'

    [0m [90m  5 
|[39m 
describe([32m'About 
Page'[39m[33m,[39m 
() [33m=>[39m {
     [90m  6 |[39m   
  it([32m'renders 
without runtime crashin
g'[39m[33m,[39m () 
[33m=>[39m {
    [31m[1m>[22m[39
m[90m  7 |[39m       
  [90m// This will 
catch syntax errors 
like unescaped quotes 
during transpilation 
and execution[39m
     [90m    |[39m 
[31m[1m^[22m[39m
     [90m  8 |[39m   
      [36mconst[39m 
{ container } 
[33m=[39m render([33
m<[39m[33mAbout[39m 
[33m/[39m[33m>[39m)
     [90m  9 |[39m
     [90m 10 |[39m   
      [90m// We can 
confidently assert it 
rendered 
something[39m[0m

      at Resolver._thro
wModNotFoundError (node
_modules/jest-resolve/b
uild/index.js:863:11)
      at 
Object.<anonymous> (__t
ests__/about.test.tsx:7
:1)

Test Suites: 1 failed, 
1 total
Tests:       0 total
Snapshots:   0 total
Time:        1.165 s
Ran all test suites.
